[setup] tokenizer vocab_size=8192
[setup] device=cuda, train_tokens=6230262, dev_tokens=329235
[setup] model_config=MiniGPTConfig(vocab_size=8192, d_model=448, n_heads=8, n_layers=7, d_ff=1792, block_size=256, dropout=0.1, rope_base=10000.0, weight_tying=True)
[setup] model params=26,162,304
[resume] loaded weights from best.pt (prev iter=2800, prev dev=?)
[resume] note: optimizer state NOT resumed (fresh AdamW); LR schedule starts from iter 0
iter     0 | lr 4.98e-07 | train_loss 3.8322 | elapsed 0.5s
  [eval] train_loss=3.6249 dev_ppl(eval-method)=53.75
  [ckpt] saved best.pt (dev_ppl=53.75)
iter    50 | lr 2.54e-05 | train_loss 3.6150 | elapsed 12.5s
iter   100 | lr 5.02e-05 | train_loss 3.8158 | elapsed 21.8s
iter   150 | lr 7.51e-05 | train_loss 3.6963 | elapsed 31.0s
iter   200 | lr 1.00e-04 | train_loss 3.8458 | elapsed 40.3s
  [eval] train_loss=3.5999 dev_ppl(eval-method)=53.00
  [ckpt] saved best.pt (dev_ppl=53.00)
iter   250 | lr 9.97e-05 | train_loss 3.7548 | elapsed 52.4s
iter   300 | lr 9.90e-05 | train_loss 3.6679 | elapsed 61.7s
iter   350 | lr 9.77e-05 | train_loss 3.9523 | elapsed 71.1s
iter   400 | lr 9.60e-05 | train_loss 3.4878 | elapsed 80.4s
  [eval] train_loss=3.5824 dev_ppl(eval-method)=51.94
  [ckpt] saved best.pt (dev_ppl=51.94)
iter   450 | lr 9.38e-05 | train_loss 3.5165 | elapsed 92.6s
iter   500 | lr 9.12e-05 | train_loss 3.7226 | elapsed 102.0s
iter   550 | lr 8.82e-05 | train_loss 3.7225 | elapsed 111.3s
iter   600 | lr 8.49e-05 | train_loss 3.6736 | elapsed 120.7s
  [eval] train_loss=3.5518 dev_ppl(eval-method)=51.42
  [ckpt] saved best.pt (dev_ppl=51.42)
iter   650 | lr 8.13e-05 | train_loss 3.6915 | elapsed 132.9s
iter   700 | lr 7.74e-05 | train_loss 3.6057 | elapsed 142.2s
iter   750 | lr 7.34e-05 | train_loss 3.3934 | elapsed 151.6s
iter   800 | lr 6.92e-05 | train_loss 3.6102 | elapsed 161.0s
  [eval] train_loss=3.5236 dev_ppl(eval-method)=50.19
  [ckpt] saved best.pt (dev_ppl=50.19)
iter   850 | lr 6.50e-05 | train_loss 3.6391 | elapsed 173.2s
iter   900 | lr 6.08e-05 | train_loss 3.4717 | elapsed 182.6s
iter   950 | lr 5.66e-05 | train_loss 3.4951 | elapsed 192.0s
iter  1000 | lr 5.26e-05 | train_loss 3.6014 | elapsed 201.4s
  [eval] train_loss=3.4995 dev_ppl(eval-method)=49.53
  [ckpt] saved best.pt (dev_ppl=49.53)
iter  1050 | lr 4.87e-05 | train_loss 3.6022 | elapsed 213.8s
iter  1100 | lr 4.51e-05 | train_loss 3.7351 | elapsed 223.2s
iter  1150 | lr 4.18e-05 | train_loss 3.4861 | elapsed 232.7s
iter  1200 | lr 3.88e-05 | train_loss 3.4975 | elapsed 242.1s
  [eval] train_loss=3.4770 dev_ppl(eval-method)=49.39
  [ckpt] saved best.pt (dev_ppl=49.39)
iter  1250 | lr 3.62e-05 | train_loss 3.5156 | elapsed 254.5s
iter  1300 | lr 3.40e-05 | train_loss 3.3907 | elapsed 263.9s
iter  1350 | lr 3.23e-05 | train_loss 3.5541 | elapsed 273.3s
iter  1400 | lr 3.10e-05 | train_loss 3.5254 | elapsed 282.8s
  [eval] train_loss=3.4310 dev_ppl(eval-method)=49.32
  [ckpt] saved best.pt (dev_ppl=49.32)
iter  1450 | lr 3.03e-05 | train_loss 3.2814 | elapsed 295.1s
iter  1499 | lr 3.00e-05 | train_loss 3.2986 | elapsed 304.3s
  [eval] train_loss=3.3243 dev_ppl(eval-method)=48.90
  [ckpt] saved best.pt (dev_ppl=48.90)

[done] best dev_ppl(eval-method)=48.90
